# serializer version: 1
# name: test_leap
  None
# ---
