# serializer version: 1
# name: test_leap_e2e
  list([
    tuple(
      tuple(
        'null',
        'metric.12.14.0',
      ),
      0,
    ),
    tuple(
      tuple(
        'metric.12.14.0',
        'attn.9.14.11368',
      ),
      5.972317218780518,
    ),
    tuple(
      tuple(
        'metric.12.14.0',
        'attn.10.14.3849',
      ),
      1.9210439920425415,
    ),
    tuple(
      tuple(
        'attn.10.14.3849',
        'mlp.0.4.5545',
      ),
      11.198338508605957,
    ),
    tuple(
      tuple(
        'attn.10.14.3849',
        'mlp.1.4.12820',
      ),
      0.2502943277359009,
    ),
    tuple(
      tuple(
        'attn.10.14.3849',
        'mlp.1.4.20449',
      ),
      1.5138646364212036,
    ),
    tuple(
      tuple(
        'attn.10.14.3849',
        'mlp.2.4.21793',
      ),
      1.277372121810913,
    ),
    tuple(
      tuple(
        'attn.10.14.3849',
        'mlp.3.4.3104',
      ),
      0.26564618945121765,
    ),
    tuple(
      tuple(
        'attn.10.14.3849',
        'mlp.3.4.11805',
      ),
      0.28001999855041504,
    ),
    tuple(
      tuple(
        'attn.10.14.3849',
        'mlp.3.4.18695',
      ),
      0.2829084098339081,
    ),
    tuple(
      tuple(
        'attn.10.14.3849',
        'mlp.4.4.12781',
      ),
      0.4094651937484741,
    ),
    tuple(
      tuple(
        'attn.10.14.3849',
        'mlp.5.4.6255',
      ),
      1.547159194946289,
    ),
    tuple(
      tuple(
        'attn.10.14.3849',
        'mlp.6.4.22620',
      ),
      1.2372771501541138,
    ),
    tuple(
      tuple(
        'attn.10.14.3849',
        'mlp.7.4.12771',
      ),
      1.9184175729751587,
    ),
    tuple(
      tuple(
        'attn.10.14.3849',
        'mlp.8.4.3750',
      ),
      1.2165870666503906,
    ),
    tuple(
      tuple(
        'attn.10.14.3849',
        'mlp.9.4.13544',
      ),
      0.7327587604522705,
    ),
    tuple(
      tuple(
        'attn.10.14.3849',
        'attn.0.4.5263',
      ),
      1.7582728862762451,
    ),
    tuple(
      tuple(
        'attn.10.14.3849',
        'attn.9.14.11368',
      ),
      0.3921414613723755,
    ),
    tuple(
      tuple(
        'mlp.9.4.13544',
        'mlp.0.4.5545',
      ),
      5.413640022277832,
    ),
    tuple(
      tuple(
        'mlp.9.4.13544',
        'mlp.1.4.20449',
      ),
      0.7689730525016785,
    ),
    tuple(
      tuple(
        'mlp.9.4.13544',
        'mlp.2.4.21793',
      ),
      0.5978395342826843,
    ),
    tuple(
      tuple(
        'mlp.9.4.13544',
        'mlp.4.4.12781',
      ),
      0.3410624861717224,
    ),
    tuple(
      tuple(
        'mlp.9.4.13544',
        'mlp.5.4.6255',
      ),
      0.8134390115737915,
    ),
    tuple(
      tuple(
        'mlp.9.4.13544',
        'mlp.6.4.22620',
      ),
      0.8883530497550964,
    ),
    tuple(
      tuple(
        'mlp.9.4.13544',
        'mlp.7.4.12771',
      ),
      1.524917721748352,
    ),
    tuple(
      tuple(
        'mlp.9.4.13544',
        'mlp.8.4.3750',
      ),
      1.4344134330749512,
    ),
    tuple(
      tuple(
        'mlp.9.4.13544',
        'attn.0.4.5263',
      ),
      1.1035138368606567,
    ),
    tuple(
      tuple(
        'attn.9.14.11368',
        'mlp.0.2.13881',
      ),
      0.5740739107131958,
    ),
    tuple(
      tuple(
        'attn.9.14.11368',
        'mlp.1.2.5913',
      ),
      0.2944994270801544,
    ),
    tuple(
      tuple(
        'attn.9.14.11368',
        'mlp.0.4.5545',
      ),
      23.875911712646484,
    ),
    tuple(
      tuple(
        'attn.9.14.11368',
        'mlp.1.4.20449',
      ),
      2.974609375,
    ),
    tuple(
      tuple(
        'attn.9.14.11368',
        'mlp.2.4.21793',
      ),
      3.375497817993164,
    ),
    tuple(
      tuple(
        'attn.9.14.11368',
        'mlp.3.4.11805',
      ),
      0.9724463820457458,
    ),
    tuple(
      tuple(
        'attn.9.14.11368',
        'mlp.3.4.13400',
      ),
      0.32081934809684753,
    ),
    tuple(
      tuple(
        'attn.9.14.11368',
        'mlp.3.4.18695',
      ),
      0.8792752623558044,
    ),
    tuple(
      tuple(
        'attn.9.14.11368',
        'mlp.4.4.12781',
      ),
      0.763002872467041,
    ),
    tuple(
      tuple(
        'attn.9.14.11368',
        'mlp.5.4.645',
      ),
      0.3336610794067383,
    ),
    tuple(
      tuple(
        'attn.9.14.11368',
        'mlp.5.4.3821',
      ),
      0.31864026188850403,
    ),
    tuple(
      tuple(
        'attn.9.14.11368',
        'mlp.5.4.6255',
      ),
      2.930612564086914,
    ),
    tuple(
      tuple(
        'attn.9.14.11368',
        'mlp.5.4.9019',
      ),
      0.22704516351222992,
    ),
    tuple(
      tuple(
        'attn.9.14.11368',
        'mlp.6.4.16515',
      ),
      0.3843565583229065,
    ),
    tuple(
      tuple(
        'attn.9.14.11368',
        'mlp.6.4.22620',
      ),
      2.695824146270752,
    ),
    tuple(
      tuple(
        'attn.9.14.11368',
        'mlp.7.4.2739',
      ),
      0.3912883996963501,
    ),
    tuple(
      tuple(
        'attn.9.14.11368',
        'mlp.7.4.12771',
      ),
      3.561506509780884,
    ),
    tuple(
      tuple(
        'attn.9.14.11368',
        'mlp.8.4.3750',
      ),
      2.0000481605529785,
    ),
    tuple(
      tuple(
        'attn.9.14.11368',
        'mlp.8.4.23192',
      ),
      0.2303709238767624,
    ),
    tuple(
      tuple(
        'attn.9.14.11368',
        'mlp.0.10.13881',
      ),
      0.2924053370952606,
    ),
    tuple(
      tuple(
        'attn.9.14.11368',
        'attn.0.4.5263',
      ),
      5.884767532348633,
    ),
    tuple(
      tuple(
        'attn.9.14.11368',
        'attn.1.4.4734',
      ),
      0.24821272492408752,
    ),
    tuple(
      tuple(
        'mlp.8.4.23192',
        'mlp.0.4.5545',
      ),
      1.697969675064087,
    ),
    tuple(
      tuple(
        'mlp.8.4.23192',
        'mlp.1.4.20449',
      ),
      0.2888564467430115,
    ),
    tuple(
      tuple(
        'mlp.8.4.3750',
        'mlp.0.4.5545',
      ),
      5.364632606506348,
    ),
    tuple(
      tuple(
        'mlp.8.4.3750',
        'mlp.1.4.12820',
      ),
      0.20498467981815338,
    ),
    tuple(
      tuple(
        'mlp.8.4.3750',
        'mlp.1.4.20449',
      ),
      0.9824649095535278,
    ),
    tuple(
      tuple(
        'mlp.8.4.3750',
        'mlp.2.4.21793',
      ),
      0.6743975877761841,
    ),
    tuple(
      tuple(
        'mlp.8.4.3750',
        'mlp.3.4.11805',
      ),
      0.20581594109535217,
    ),
    tuple(
      tuple(
        'mlp.8.4.3750',
        'mlp.4.4.12781',
      ),
      0.30503934621810913,
    ),
    tuple(
      tuple(
        'mlp.8.4.3750',
        'mlp.5.4.6255',
      ),
      0.8138896226882935,
    ),
    tuple(
      tuple(
        'mlp.8.4.3750',
        'mlp.6.4.22620',
      ),
      0.9841546416282654,
    ),
    tuple(
      tuple(
        'mlp.8.4.3750',
        'mlp.7.4.12771',
      ),
      2.030116558074951,
    ),
    tuple(
      tuple(
        'mlp.8.4.23192',
        'attn.0.4.5263',
      ),
      0.6092767715454102,
    ),
    tuple(
      tuple(
        'mlp.8.4.3750',
        'attn.0.4.5263',
      ),
      1.4698492288589478,
    ),
    tuple(
      tuple(
        'mlp.7.4.12771',
        'mlp.0.4.5545',
      ),
      6.746464252471924,
    ),
    tuple(
      tuple(
        'mlp.7.4.12771',
        'mlp.1.4.20449',
      ),
      0.9597537517547607,
    ),
    tuple(
      tuple(
        'mlp.7.4.12771',
        'mlp.2.4.21793',
      ),
      0.8283870220184326,
    ),
    tuple(
      tuple(
        'mlp.7.4.12771',
        'mlp.3.4.3104',
      ),
      0.25551679730415344,
    ),
    tuple(
      tuple(
        'mlp.7.4.12771',
        'mlp.3.4.11805',
      ),
      0.29598355293273926,
    ),
    tuple(
      tuple(
        'mlp.7.4.12771',
        'mlp.3.4.18695',
      ),
      0.21180209517478943,
    ),
    tuple(
      tuple(
        'mlp.7.4.12771',
        'mlp.4.4.12781',
      ),
      0.46139073371887207,
    ),
    tuple(
      tuple(
        'mlp.7.4.12771',
        'mlp.5.4.6255',
      ),
      1.0643324851989746,
    ),
    tuple(
      tuple(
        'mlp.7.4.12771',
        'mlp.6.4.22620',
      ),
      1.2137845754623413,
    ),
    tuple(
      tuple(
        'mlp.7.4.2739',
        'mlp.0.4.5545',
      ),
      2.263742685317993,
    ),
    tuple(
      tuple(
        'mlp.7.4.2739',
        'mlp.1.4.20449',
      ),
      0.23725615441799164,
    ),
    tuple(
      tuple(
        'mlp.7.4.2739',
        'mlp.2.4.21793',
      ),
      0.2846706509590149,
    ),
    tuple(
      tuple(
        'mlp.7.4.2739',
        'mlp.5.4.6255',
      ),
      0.2762969136238098,
    ),
    tuple(
      tuple(
        'mlp.7.4.2739',
        'mlp.6.4.22620',
      ),
      0.548466145992279,
    ),
    tuple(
      tuple(
        'mlp.7.4.12771',
        'attn.0.4.5263',
      ),
      1.817074179649353,
    ),
    tuple(
      tuple(
        'mlp.7.4.2739',
        'attn.0.4.5263',
      ),
      1.0170390605926514,
    ),
    tuple(
      tuple(
        'mlp.6.4.22620',
        'mlp.0.4.5545',
      ),
      5.028758525848389,
    ),
    tuple(
      tuple(
        'mlp.6.4.22620',
        'mlp.1.4.12820',
      ),
      0.25564298033714294,
    ),
    tuple(
      tuple(
        'mlp.6.4.22620',
        'mlp.1.4.20449',
      ),
      0.7481616735458374,
    ),
    tuple(
      tuple(
        'mlp.6.4.22620',
        'mlp.2.4.21793',
      ),
      0.7778315544128418,
    ),
    tuple(
      tuple(
        'mlp.6.4.22620',
        'mlp.3.4.11805',
      ),
      0.25532424449920654,
    ),
    tuple(
      tuple(
        'mlp.6.4.22620',
        'mlp.4.4.12781',
      ),
      0.47690680623054504,
    ),
    tuple(
      tuple(
        'mlp.6.4.22620',
        'mlp.5.4.6255',
      ),
      0.9449648857116699,
    ),
    tuple(
      tuple(
        'mlp.6.4.16515',
        'mlp.0.4.5545',
      ),
      1.12620210647583,
    ),
    tuple(
      tuple(
        'mlp.6.4.16515',
        'mlp.0.4.9713',
      ),
      0.49409323930740356,
    ),
    tuple(
      tuple(
        'mlp.6.4.16515',
        'mlp.2.4.21793',
      ),
      0.36152708530426025,
    ),
    tuple(
      tuple(
        'mlp.6.4.22620',
        'attn.0.4.5263',
      ),
      1.3158185482025146,
    ),
    tuple(
      tuple(
        'mlp.6.4.16515',
        'attn.0.4.5263',
      ),
      0.21511709690093994,
    ),
    tuple(
      tuple(
        'mlp.5.4.6255',
        'mlp.0.4.5545',
      ),
      4.764146327972412,
    ),
    tuple(
      tuple(
        'mlp.5.4.6255',
        'mlp.1.4.12820',
      ),
      0.2106454223394394,
    ),
    tuple(
      tuple(
        'mlp.5.4.6255',
        'mlp.1.4.20449',
      ),
      0.5707271099090576,
    ),
    tuple(
      tuple(
        'mlp.5.4.6255',
        'mlp.2.4.21793',
      ),
      0.5589013695716858,
    ),
    tuple(
      tuple(
        'mlp.5.4.6255',
        'mlp.3.4.3104',
      ),
      0.308554083108902,
    ),
    tuple(
      tuple(
        'mlp.5.4.6255',
        'mlp.4.4.12781',
      ),
      0.4794498085975647,
    ),
    tuple(
      tuple(
        'mlp.5.4.9019',
        'mlp.0.4.5545',
      ),
      3.683314323425293,
    ),
    tuple(
      tuple(
        'mlp.5.4.9019',
        'mlp.1.4.20449',
      ),
      0.2165897786617279,
    ),
    tuple(
      tuple(
        'mlp.5.4.9019',
        'mlp.3.4.3104',
      ),
      0.6001410484313965,
    ),
    tuple(
      tuple(
        'mlp.5.4.3821',
        'mlp.0.4.5545',
      ),
      2.230759382247925,
    ),
    tuple(
      tuple(
        'mlp.5.4.3821',
        'mlp.1.4.20449',
      ),
      0.28243327140808105,
    ),
    tuple(
      tuple(
        'mlp.5.4.645',
        'mlp.0.4.5545',
      ),
      2.1160144805908203,
    ),
    tuple(
      tuple(
        'mlp.5.4.645',
        'mlp.2.4.21793',
      ),
      0.7645828127861023,
    ),
    tuple(
      tuple(
        'mlp.5.4.6255',
        'attn.0.4.5263',
      ),
      1.2950184345245361,
    ),
    tuple(
      tuple(
        'mlp.5.4.9019',
        'attn.0.4.5263',
      ),
      0.46802932024002075,
    ),
    tuple(
      tuple(
        'mlp.5.4.3821',
        'attn.0.4.5263',
      ),
      1.018750786781311,
    ),
    tuple(
      tuple(
        'mlp.5.4.645',
        'attn.0.4.5263',
      ),
      0.77689129114151,
    ),
    tuple(
      tuple(
        'mlp.4.4.12781',
        'mlp.0.4.5545',
      ),
      4.008573532104492,
    ),
    tuple(
      tuple(
        'mlp.4.4.12781',
        'mlp.1.4.12820',
      ),
      0.2553254961967468,
    ),
    tuple(
      tuple(
        'mlp.4.4.12781',
        'mlp.1.4.20449',
      ),
      0.49133777618408203,
    ),
    tuple(
      tuple(
        'mlp.4.4.12781',
        'mlp.2.4.21793',
      ),
      0.574211835861206,
    ),
    tuple(
      tuple(
        'mlp.4.4.12781',
        'mlp.3.4.11805',
      ),
      0.30270230770111084,
    ),
    tuple(
      tuple(
        'mlp.4.4.12781',
        'attn.0.4.5263',
      ),
      1.2326014041900635,
    ),
    tuple(
      tuple(
        'mlp.3.4.3104',
        'mlp.0.4.5545',
      ),
      5.25502347946167,
    ),
    tuple(
      tuple(
        'mlp.3.4.3104',
        'mlp.1.4.12820',
      ),
      0.6672856211662292,
    ),
    tuple(
      tuple(
        'mlp.3.4.3104',
        'mlp.2.4.21793',
      ),
      0.30600956082344055,
    ),
    tuple(
      tuple(
        'mlp.3.4.13400',
        'mlp.0.4.5545',
      ),
      2.32938551902771,
    ),
    tuple(
      tuple(
        'mlp.3.4.13400',
        'mlp.1.4.12820',
      ),
      0.4876801371574402,
    ),
    tuple(
      tuple(
        'mlp.3.4.13400',
        'mlp.1.4.20449',
      ),
      0.49683237075805664,
    ),
    tuple(
      tuple(
        'mlp.3.4.11805',
        'mlp.0.4.5545',
      ),
      4.377124786376953,
    ),
    tuple(
      tuple(
        'mlp.3.4.11805',
        'mlp.1.4.12820',
      ),
      0.2519930601119995,
    ),
    tuple(
      tuple(
        'mlp.3.4.11805',
        'mlp.1.4.20449',
      ),
      0.21329182386398315,
    ),
    tuple(
      tuple(
        'mlp.3.4.18695',
        'mlp.0.4.5545',
      ),
      2.9143271446228027,
    ),
    tuple(
      tuple(
        'mlp.3.4.18695',
        'mlp.0.4.9713',
      ),
      0.23941472172737122,
    ),
    tuple(
      tuple(
        'mlp.3.4.18695',
        'mlp.2.4.21793',
      ),
      0.9226467609405518,
    ),
    tuple(
      tuple(
        'mlp.3.4.3104',
        'attn.0.4.5263',
      ),
      1.274143099784851,
    ),
    tuple(
      tuple(
        'mlp.3.4.13400',
        'attn.0.4.5263',
      ),
      0.6482621431350708,
    ),
    tuple(
      tuple(
        'mlp.3.4.11805',
        'attn.0.4.5263',
      ),
      0.9416947364807129,
    ),
    tuple(
      tuple(
        'mlp.3.4.18695',
        'attn.0.4.5263',
      ),
      0.7635356783866882,
    ),
    tuple(
      tuple(
        'mlp.3.4.18695',
        'attn.3.4.18319',
      ),
      0.20414146780967712,
    ),
    tuple(
      tuple(
        'attn.3.4.18319',
        'mlp.0.2.13881',
      ),
      2.550184965133667,
    ),
    tuple(
      tuple(
        'attn.3.4.18319',
        'mlp.1.2.5913',
      ),
      1.203685998916626,
    ),
    tuple(
      tuple(
        'attn.3.4.18319',
        'mlp.2.2.7897',
      ),
      0.6606404781341553,
    ),
    tuple(
      tuple(
        'attn.3.4.18319',
        'mlp.0.4.5545',
      ),
      0.2275557667016983,
    ),
    tuple(
      tuple(
        'attn.3.4.18319',
        'attn.0.2.9715',
      ),
      0.3100516200065613,
    ),
    tuple(
      tuple(
        'mlp.2.2.7897',
        'mlp.0.2.13881',
      ),
      7.364142417907715,
    ),
    tuple(
      tuple(
        'mlp.2.2.7897',
        'mlp.1.2.5913',
      ),
      3.0168685913085938,
    ),
    tuple(
      tuple(
        'mlp.2.4.21793',
        'mlp.0.4.5545',
      ),
      7.135644912719727,
    ),
    tuple(
      tuple(
        'mlp.2.4.21793',
        'mlp.1.4.12820',
      ),
      0.32562416791915894,
    ),
    tuple(
      tuple(
        'mlp.2.4.21793',
        'mlp.1.4.20449',
      ),
      1.2190444469451904,
    ),
    tuple(
      tuple(
        'mlp.2.2.7897',
        'attn.0.2.9715',
      ),
      0.8858076333999634,
    ),
    tuple(
      tuple(
        'mlp.2.4.21793',
        'attn.0.4.5263',
      ),
      1.4249728918075562,
    ),
    tuple(
      tuple(
        'mlp.1.2.5913',
        'mlp.0.2.13881',
      ),
      11.924360275268555,
    ),
    tuple(
      tuple(
        'mlp.1.4.20449',
        'mlp.0.4.5545',
      ),
      8.602848052978516,
    ),
    tuple(
      tuple(
        'mlp.1.4.12820',
        'mlp.0.4.5545',
      ),
      5.140222072601318,
    ),
    tuple(
      tuple(
        'mlp.1.2.5913',
        'attn.0.2.9715',
      ),
      1.7663376331329346,
    ),
    tuple(
      tuple(
        'mlp.1.4.20449',
        'attn.0.4.5263',
      ),
      2.282473087310791,
    ),
    tuple(
      tuple(
        'mlp.1.4.12820',
        'attn.0.4.5263',
      ),
      1.1159541606903076,
    ),
    tuple(
      tuple(
        'attn.1.4.4734',
        'mlp.0.2.13881',
      ),
      0.30165842175483704,
    ),
    tuple(
      tuple(
        'attn.1.4.4734',
        'mlp.0.4.5545',
      ),
      2.9356179237365723,
    ),
    tuple(
      tuple(
        'attn.1.4.4734',
        'attn.0.4.5263',
      ),
      0.6073545217514038,
    ),
  ])
# ---
